// Jest Snapshot v1, https://goo.gl/fbAQLP

exports[`HeaderBar.vue should have a custom title and match snapshot 1`] = `
<v-container title="Foobar">
  <v-app-bar app=""></v-app-bar>
</v-container>
`;
